2026/10/05 23:18:09 INFO  : ai_level_moi_agent_1786924560435.webp: Copied (new)
2026/10/05 23:18:09 INFO  : ai_future_era_1786924586513.webp: Copied (new)
2026/10/05 23:18:09 INFO  : ai_autopilot_flow_1786865641934.webp: Copied (new)
2026/10/05 23:18:09 INFO  : ai_timeline_edit_1786841970084.webp: Copied (new)
2026/10/05 23:18:09 INFO  : ai_execution_tasks_1786924573398.webp: Copied (new)
2026/10/05 23:18:09 INFO  : ai_power_future_1786865663782.webp: Copied (new)
2026/10/05 23:18:09 INFO  : ai_leverage_core_1786841955183.webp: Copied (new)
2026/10/05 23:18:10 INFO  : apple_pro_demo_1786844834441.webp: Copied (new)
2026/10/05 23:18:10 INFO  : chill_creator_desk_1786841919746.webp: Copied (new)
2026/10/05 23:18:10 INFO  : chuyen_mon_vung_1789498307897.webp: Copied (new)
2026/10/05 23:18:10 INFO  : beat_sync_unboxing_1787408564196.webp: Copied (new)
2026/10/05 23:18:10 INFO  : fb_ads_5_1789498459784.webp: Copied (new)
2026/10/05 23:18:10 INFO  : cover_quy_tac_90_giay_1789496255411.webp: Copied (new)
2026/10/05 23:18:11 INFO  : cyberpunk_free_solo_1789497156237.webp: Copied (new)
2026/10/05 23:18:11 INFO  : hero_model_portrait_1787408769098.webp: Copied (new)
2026/10/05 23:18:11 INFO  : inbox_audit_1789498341374.webp: Copied (new)
2026/10/05 23:18:11 INFO  : kael_mascot_chameleon_1787224296451.webp: Copied (new)
2026/10/05 23:18:11 INFO  : kael_streak_badge_1787224315715.webp: Copied (new)
2026/10/05 23:18:11 INFO  : kb01_s1_b2_1787324280224.webp: Copied (new)
2026/10/05 23:18:11 INFO  : kb01_s1_b3_1787324332010.webp: Copied (new)
2026/10/05 23:18:12 INFO  : kb02_s1_b1_1787316187087.webp: Copied (new)
2026/10/05 23:18:12 INFO  : kb02_s1_b3_1787316225817.webp: Copied (new)
2026/10/05 23:18:12 INFO  : kb02_s2_b1_1787316247126.webp: Copied (new)
2026/10/05 23:18:12 INFO  : kb02_s1_b2_1787285449845.webp: Copied (new)
2026/10/05 23:18:12 INFO  : kb02_s2_b2_1787316265867.webp: Copied (new)
2026/10/05 23:18:12 INFO  : kb02_s2_b3_1787316284004.webp: Copied (new)
2026/10/05 23:18:12 INFO  : kb02_s3_b1_1787285531671.webp: Copied (new)
2026/10/05 23:18:12 INFO  : kb02_s3_b2_1787316325426.webp: Copied (new)
2026/10/05 23:18:13 INFO  : kb02_s3_b3_1787316349255.webp: Copied (new)
2026/10/05 23:18:13 INFO  : kb02_s4_b1_1787316375923.webp: Copied (new)
2026/10/05 23:18:13 INFO  : kb02_s5_b1_1787316447627.webp: Copied (new)
2026/10/05 23:18:13 INFO  : kb02_s5_b2_1787316472076.webp: Copied (new)
2026/10/05 23:18:13 INFO  : kb02_s4_b3_1787316420232.webp: Copied (new)
2026/10/05 23:18:13 INFO  : kb02_s5_b3_1787316495741.webp: Copied (new)
2026/10/05 23:18:13 INFO  : kb02_s5_opt2_b3_1787316592550.webp: Copied (new)
2026/10/05 23:18:14 INFO  : kb02_scene1_beat1_1787281452353.webp: Copied (new)
2026/10/05 23:18:14 INFO  : kb02_scene3_beat1_1787281530862.webp: Copied (new)
2026/10/05 23:18:14 INFO  : kb02_scene2_beat3_1787281519973.webp: Copied (new)
2026/10/05 23:18:14 INFO  : kb02_scene4_beat2_1787281590157.webp: Copied (new)
2026/10/05 23:18:14 INFO  : kb04_new_s3_b1_1789277797602.webp: Copied (new)
2026/10/05 23:18:14 INFO  : kb06_new_s1_b2_1789278748786.webp: Copied (new)
2026/10/05 23:18:14 INFO  : kb05_new_s2_b1_1789278217968.webp: Copied (new)
2026/10/05 23:18:14 INFO  : kb02_scene5_beat2_1787281643131.webp: Copied (new)
2026/10/05 23:18:14 INFO  : kb06_s1_b2_1787321943655.webp: Copied (new)
2026/10/05 23:18:15 INFO  : kb06_s2_b1_1787322571214.webp: Copied (new)
2026/10/05 23:18:15 INFO  : kb06_s1_b3_1787322506063.webp: Copied (new)
2026/10/05 23:18:15 INFO  : kb06_s2_b2_1787322627959.webp: Copied (new)
2026/10/05 23:18:15 INFO  : kb06_s2_b3_1787322690343.webp: Copied (new)
2026/10/05 23:18:15 INFO  : kb06_s3_b2_1787322779955.webp: Copied (new)
2026/10/05 23:18:15 INFO  : kb06_s3_b3_1787322817955.webp: Copied (new)
2026/10/05 23:18:15 INFO  : kb06_s3_b1_1787322731909.webp: Copied (new)
2026/10/05 23:18:15 INFO  : kb06_s4_b1_1787322885682.webp: Copied (new)
2026/10/05 23:18:15 INFO  : kb06_s4_b2_1787322954578.webp: Copied (new)
2026/10/05 23:18:16 INFO  : kb06_s4_b3_clean_1787323069750.webp: Copied (new)
2026/10/05 23:18:16 INFO  : kb06_s5_b1_1787323117325.webp: Copied (new)
2026/10/05 23:18:16 INFO  : kb06_s4_b3_1787323001244.webp: Copied (new)
2026/10/05 23:18:16 INFO  : kb06_s5_b2_1787323187382.webp: Copied (new)
2026/10/05 23:18:16 INFO  : kb07_new_s1_b1_1789279345092.webp: Copied (new)
2026/10/05 23:18:16 INFO  : kb06_s5_b3_clean_1787323279391.webp: Copied (new)
2026/10/05 23:18:16 INFO  : kb06_s5_opt2_b2_1787323410973.webp: Copied (new)
2026/10/05 23:18:16 INFO  : kb07_s1_b2_1787316705233.webp: Copied (new)
2026/10/05 23:18:17 INFO  : kb07_s1_b3_1787316731622.webp: Copied (new)
2026/10/05 23:18:17 INFO  : kb07_s2_b1_1787316763219.webp: Copied (new)
2026/10/05 23:18:17 INFO  : kb07_s2_b3_1787316819352.webp: Copied (new)
2026/10/05 23:18:17 INFO  : kb07_s2_b2_1787316786890.webp: Copied (new)
2026/10/05 23:18:17 INFO  : kb07_s3_b1_1787316845647.webp: Copied (new)
2026/10/05 23:18:17 INFO  : kb07_s4_b1_1787316927672.webp: Copied (new)
2026/10/05 23:18:17 INFO  : kb07_s3_b2_1787316871604.webp: Copied (new)
2026/10/05 23:18:17 INFO  : kb07_s4_b3_1787317037879.webp: Copied (new)
2026/10/05 23:18:18 INFO  : kb07_s5_b1_1787317064753.webp: Copied (new)
2026/10/05 23:18:18 INFO  : kb07_s5_b2_1787317093352.webp: Copied (new)
2026/10/05 23:18:18 INFO  : kb07_s5_b3_1787317124185.webp: Copied (new)
2026/10/05 23:18:18 INFO  : kb07_s3_b3_1787316897078.webp: Copied (new)
2026/10/05 23:18:18 INFO  : kb07_s5_opt2_b2_1787317183160.webp: Copied (new)
2026/10/05 23:18:18 INFO  : kb08_s1_b3_1787317343108.webp: Copied (new)
2026/10/05 23:18:18 INFO  : kb08_s2_b3_1787317442723.webp: Copied (new)
2026/10/05 23:18:18 INFO  : kb08_s1_b2_1787317309933.webp: Copied (new)
2026/10/05 23:18:19 INFO  : kb08_s3_b1_1787317480007.webp: Copied (new)
2026/10/05 23:18:19 INFO  : kb08_s3_b2_1787317512275.webp: Copied (new)
2026/10/05 23:18:19 INFO  : kb08_s3_b3_1787317549860.webp: Copied (new)
2026/10/05 23:18:19 INFO  : kb09_new_s1_b1_1789280455458.webp: Copied (new)
2026/10/05 23:18:19 INFO  : kb09_s1_b2_1787318196881.webp: Copied (new)
2026/10/05 23:18:19 INFO  : kb09_s2_b1_1787318287778.webp: Copied (new)
2026/10/05 23:18:19 INFO  : kb09_s1_b3_1787318238468.webp: Copied (new)
2026/10/05 23:18:19 INFO  : kb09_s2_b2_1787318337234.webp: Copied (new)
2026/10/05 23:18:20 INFO  : kb09_s3_b1_1787318437410.webp: Copied (new)
2026/10/05 23:18:20 INFO  : kb09_s2_b3_1787318385283.webp: Copied (new)
2026/10/05 23:18:20 INFO  : kb09_s3_b2_1787318483743.webp: Copied (new)
2026/10/05 23:18:20 INFO  : kb09_s4_b1_1787318583753.webp: Copied (new)
2026/10/05 23:18:20 INFO  : kb09_s3_b3_1787318533435.webp: Copied (new)
2026/10/05 23:18:20 INFO  : kb09_s4_b2_1787318644349.webp: Copied (new)
2026/10/05 23:18:20 INFO  : kb09_s4_b3_1787318695446.webp: Copied (new)
2026/10/05 23:18:20 INFO  : kb09_s5_b1_1787318787403.webp: Copied (new)
2026/10/05 23:18:20 INFO  : kb09_s5_b2_1787318882354.webp: Copied (new)
2026/10/05 23:18:21 INFO  : kb09_s5_b3_clean_1787319053423.webp: Copied (new)
2026/10/05 23:18:21 INFO  : kb1_lap_op_bao_hanh_1787409724134.webp: Copied (new)
2026/10/05 23:18:21 INFO  : kb09_s5_opt2_b1_1787319107898.webp: Copied (new)
2026/10/05 23:18:21 INFO  : kb1_macro_titan_1787409678305.webp: Copied (new)
2026/10/05 23:18:21 INFO  : kb1_shot1_front_1787408795832.webp: Copied (new)
2026/10/05 23:18:21 INFO  : kb1_shot3_profile_1787408847086.webp: Copied (new)
2026/10/05 23:18:21 INFO  : kb1_shot2_hands_1787408822905.webp: Copied (new)
2026/10/05 23:18:22 INFO  : kb1_shot4_reveal_1787408872287.webp: Copied (new)
2026/10/05 23:18:22 INFO  : kb1_soi_oc_dit_1787409688929.webp: Copied (new)
2026/10/05 23:18:22 INFO  : kb1_test_3utools_1787409703811.webp: Copied (new)
2026/10/05 23:18:22 INFO  : kb2_lot_xac_titan_1787409751251.webp: Copied (new)
2026/10/05 23:18:22 INFO  : kb2_shot1_comb_1787408894288.webp: Copied (new)
2026/10/05 23:18:22 INFO  : kb2_shot2_shake_1787408923810.webp: Copied (new)
2026/10/05 23:18:22 INFO  : kb2_shot3_touch_1787408946416.webp: Copied (new)
2026/10/05 23:18:22 INFO  : kb2_may_cu_nat_1787409737789.webp: Copied (new)
2026/10/05 23:18:23 INFO  : kb2_shot4_glow_1787408980179.webp: Copied (new)
2026/10/05 23:18:23 INFO  : kb3_nguyet_tu_van_1787409787405.webp: Copied (new)
2026/10/05 23:18:23 INFO  : kb3_test_tinh_nang_1787409773867.webp: Copied (new)
2026/10/05 23:18:23 INFO  : kb4_chi_vet_xuoc_1787409798339.webp: Copied (new)
2026/10/05 23:18:23 INFO  : kb4_dap_op_keng_1787409823412.webp: Copied (new)
2026/10/05 23:18:23 INFO  : kb5_dong_hop_qua_1787409847922.webp: Copied (new)
2026/10/05 23:18:23 INFO  : mockup_big_impact_1786941651122.webp: Copied (new)
2026/10/05 23:18:23 INFO  : macro_inspection_shot_1787408522389.webp: Copied (new)
2026/10/05 23:18:23 INFO  : linear_design_demo_1786844312504.webp: Copied (new)
2026/10/05 23:18:24 INFO  : mockup_step_flow_1786941691504.webp: Copied (new)
2026/10/05 23:18:24 INFO  : mockup_compare_dual_1786941668841.webp: Copied (new)
2026/10/05 23:18:24 INFO  : poster_261_made_in_abyss_1789606260137.webp: Copied (new)
2026/10/05 23:18:24 INFO  : poster_267_vi_1789606451422.webp: Copied (new)
2026/10/05 23:18:24 INFO  : poster_273_fate_stay_night_1789606627227.webp: Copied (new)
2026/10/05 23:18:24 INFO  : poster_331_bay_rong_1789612822133.webp: Copied (new)
2026/10/05 23:18:24 INFO  : poster_342_powerpuff_1789613023564.webp: Copied (new)
2026/10/05 23:18:24 INFO  : poster_343_trang_quynh_1789613036071.webp: Copied (new)
2026/10/05 23:18:24 INFO  : poster_344_money_heist_1789613049174.webp: Copied (new)
2026/10/05 23:18:25 INFO  : poster_347_ao_lua_ha_dong_1789613093043.webp: Copied (new)
2026/10/05 23:18:25 INFO  : poster_346_monsters_inc_1789613441010.webp: Copied (new)
2026/10/05 23:18:25 INFO  : poster_350_turning_red_1789613210214.webp: Copied (new)
2026/10/05 23:18:25 INFO  : poster_349_kengan_ashura_1789613196888.webp: Copied (new)
2026/10/05 23:18:25 INFO  : poster_352_silicon_valley_1789613235700.webp: Copied (new)
2026/10/05 23:18:25 INFO  : poster_353_chainsaw_man_1789613249553.webp: Copied (new)
2026/10/05 23:18:25 INFO  : poster_354_cars_1789613336615.webp: Copied (new)
2026/10/05 23:18:25 INFO  : poster_355_tam_cam_1789613275160.webp: Copied (new)
2026/10/05 23:18:26 INFO  : poster_527_1789623099959.webp: Copied (new)
2026/10/05 23:18:26 INFO  : poster_528_1789623113054.webp: Copied (new)
2026/10/05 23:18:26 INFO  : poster_584_1789623091715.webp: Copied (new)
2026/10/05 23:18:26 INFO  : poster_585_1789623105539.webp: Copied (new)
2026/10/05 23:18:26 INFO  : poster_586_1789623122371.webp: Copied (new)
2026/10/05 23:18:26 INFO  : poster_alita_battle_angel_1789553849450.webp: Copied (new)
2026/10/05 23:18:26 INFO  : poster_american_psycho_1789523459567.webp: Copied (new)
2026/10/05 23:18:26 INFO  : poster_aquaman_1789536525291.webp: Copied (new)
2026/10/05 23:18:26 INFO  : poster_big_short_1789544568864.webp: Copied (new)
2026/10/05 23:18:27 INFO  : poster_blade_runner_1789523040294.webp: Copied (new)
2026/10/05 23:18:27 INFO  : poster_casablanca_1789537646018.webp: Copied (new)
2026/10/05 23:18:27 INFO  : poster_apollo_13_1789553385827.webp: Copied (new)
2026/10/05 23:18:27 INFO  : poster_book_of_eli_1789553734726.webp: Copied (new)
2026/10/05 23:18:27 INFO  : poster_cast_away_1789520547871.webp: Copied (new)
2026/10/05 23:18:27 INFO  : poster_castle_in_the_sky_1789554152412.webp: Copied (new)
2026/10/05 23:18:27 INFO  : poster_children_of_men_1789523588647.webp: Copied (new)
2026/10/05 23:18:27 INFO  : poster_chappie_2015_1789553761385.webp: Copied (new)
2026/10/05 23:18:28 INFO  : poster_dawn_planet_apes_1789536443523.webp: Copied (new)
2026/10/05 23:18:28 INFO  : poster_da_vinci_code_1789537237543.webp: Copied (new)
2026/10/05 23:18:28 INFO  : poster_dead_poets_society_1789545352083.webp: Copied (new)
2026/10/05 23:18:28 INFO  : poster_die_hard_1789523403326.webp: Copied (new)
2026/10/05 23:18:28 INFO  : poster_dial_m_for_murder_1789545027950.webp: Copied (new)
2026/10/05 23:18:28 INFO  : poster_district_9_mech_1789553772710.webp: Copied (new)
2026/10/05 23:18:28 INFO  : poster_dune_one_1789523517745.webp: Copied (new)
2026/10/05 23:18:28 INFO  : poster_empire_strikes_back_1789544554806.webp: Copied (new)
2026/10/05 23:18:28 INFO  : poster_enter_the_dragon_1789535507855.webp: Copied (new)
2026/10/05 23:18:29 INFO  : poster_eternal_sunshine_1789523379569.webp: Copied (new)
2026/10/05 23:18:29 INFO  : poster_ex_machina_1789523504710.webp: Copied (new)
2026/10/05 23:18:29 INFO  : poster_first_man_1789553399227.webp: Copied (new)
2026/10/05 23:18:29 INFO  : poster_furiosa_1789536096535.webp: Copied (new)
2026/10/05 23:18:29 INFO  : poster_french_connection_1789545050667.webp: Copied (new)
2026/10/05 23:18:29 INFO  : poster_ghost_in_the_shell_1789553861199.webp: Copied (new)
2026/10/05 23:18:29 INFO  : poster_ghostbusters_1789523447122.webp: Copied (new)
2026/10/05 23:18:29 INFO  : poster_godzilla_1789536402631.webp: Copied (new)
2026/10/05 23:18:30 INFO  : poster_good_will_hunting_1789545337281.webp: Copied (new)
2026/10/05 23:18:30 INFO  : poster_good_bad_ugly_1789525113117.webp: Copied (new)
2026/10/05 23:18:30 INFO  : poster_great_gatsby_1789523490729.webp: Copied (new)
2026/10/05 23:18:30 INFO  : poster_gyro_captain_1789553507835.webp: Copied (new)
2026/10/05 23:18:30 INFO  : poster_her_movie_1789525328021.webp: Copied (new)
2026/10/05 23:18:30 INFO  : poster_howls_moving_castle_1789554134388.webp: Copied (new)
2026/10/05 23:18:30 INFO  : poster_hereditary_1789536242211.webp: Copied (new)
2026/10/05 23:18:30 INFO  : poster_imitation_game_1789553359116.webp: Copied (new)
2026/10/05 23:18:31 INFO  : poster_i_robot_2004_1789553749487.webp: Copied (new)
2026/10/05 23:18:31 INFO  : poster_indiana_last_crusade_1789537144567.webp: Copied (new)
2026/10/05 23:18:31 INFO  : poster_ip_man_1789535627457.webp: Copied (new)
2026/10/05 23:18:31 INFO  : poster_inglourious_basterds_1789525290628.webp: Copied (new)
2026/10/05 23:18:31 INFO  : poster_jaws_1789525171562.webp: Copied (new)
2026/10/05 23:18:31 INFO  : poster_king_kong_1789536413768.webp: Copied (new)
2026/10/05 23:18:31 INFO  : poster_la_la_land_1789525317502.webp: Copied (new)
2026/10/05 23:18:31 INFO  : poster_lawrence_of_arabia_1789544793332.webp: Copied (new)
2026/10/05 23:18:31 INFO  : poster_kingdom_of_heaven_1789536982399.webp: Copied (new)
2026/10/05 23:18:31 INFO  : poster_last_samurai_1789537037990.webp: Copied (new)
2026/10/05 23:18:32 INFO  : poster_master_commander_1789537057738.webp: Copied (new)
2026/10/05 23:18:32 INFO  : poster_memories_of_murder_1789535649174.webp: Copied (new)
2026/10/05 23:18:32 INFO  : poster_lethal_weapon_1789545165183.webp: Copied (new)
2026/10/05 23:18:32 INFO  : poster_matrix_reloaded_1789544581210.webp: Copied (new)
2026/10/05 23:18:32 INFO  : poster_moon_2009_1789553478506.webp: Copied (new)
2026/10/05 23:18:33 INFO  : poster_national_treasure_1789537224652.webp: Copied (new)
2026/10/05 23:18:33 INFO  : poster_midsommar_1789536230154.webp: Copied (new)
2026/10/05 23:18:33 INFO  : poster_memories_of_murder_1789536012277.webp: Copied (new)
2026/10/05 23:18:33 INFO  : poster_nausicaa_valley_1789554165330.webp: Copied (new)
2026/10/05 23:18:33 INFO  : poster_north_by_northwest_1789545015306.webp: Copied (new)
2026/10/05 23:18:33 INFO  : poster_oblivion_2013_1789553493306.webp: Copied (new)
2026/10/05 23:18:33 INFO  : poster_oldboy_1789535638529.webp: Copied (new)
2026/10/05 23:18:34 INFO  : poster_pacific_rim_1789536388910.webp: Copied (new)
2026/10/05 23:18:34 INFO  : poster_platoon_1789523390646.webp: Copied (new)
2026/10/05 23:18:34 INFO  : poster_pirates_caribbean_1789537129455.webp: Copied (new)
2026/10/05 23:18:34 INFO  : poster_point_break_1789545176091.webp: Copied (new)
2026/10/05 23:18:34 INFO  : poster_once_upon_hollywood_1789525134363.webp: Copied (new)
2026/10/05 23:18:34 INFO  : poster_princess_mononoke_1789553887974.webp: Copied (new)
2026/10/05 23:18:34 INFO  : poster_psycho_1789525199102.webp: Copied (new)
2026/10/05 23:18:35 INFO  : poster_quiet_place_1789536134410.webp: Copied (new)
2026/10/05 23:18:35 INFO  : poster_ready_player_one_1789553833521.webp: Copied (new)
2026/10/05 23:18:35 INFO  : poster_rear_window_1789525221018.webp: Copied (new)
2026/10/05 23:18:35 INFO  : poster_sin_city_1789536851440.webp: Copied (new)
2026/10/05 23:18:35 INFO  : poster_sixth_sense_1789525231466.webp: Copied (new)
2026/10/05 23:18:35 INFO  : poster_snowpiercer_1789536072775.webp: Copied (new)
2026/10/05 23:18:35 INFO  : poster_skyfall_1789523480942.webp: Copied (new)
2026/10/05 23:18:35 INFO  : poster_spirited_away_1789553978126.webp: Copied (new)
2026/10/05 23:18:36 INFO  : poster_the_departed_1789523470831.webp: Copied (new)
2026/10/05 23:18:36 INFO  : poster_the_handmaiden_1789535660528.webp: Copied (new)
2026/10/05 23:18:36 INFO  : poster_the_lighthouse_1789536252993.webp: Copied (new)
2026/10/05 23:18:36 INFO  : poster_sunset_boulevard_1789544817601.webp: Copied (new)
2026/10/05 23:18:36 INFO  : poster_the_northman_1789536299165.webp: Copied (new)
2026/10/05 23:18:36 INFO  : poster_the_martian_1789553427914.webp: Copied (new)
2026/10/05 23:18:36 INFO  : poster_train_to_busan_1789536035246.webp: Copied (new)
2026/10/05 23:18:36 INFO  : poster_troy_1789536923215.webp: Copied (new)
2026/10/05 23:18:36 INFO  : poster_us_movie_1789536217812.webp: Copied (new)
2026/10/05 23:18:37 INFO  : poster_vertigo_1789525209247.webp: Copied (new)
2026/10/05 23:18:37 INFO  : poster_watchmen_1789536839125.webp: Copied (new)
2026/10/05 23:18:37 INFO  : poster_waterworld_1995_1789553523617.webp: Copied (new)
2026/10/05 23:18:37 INFO  : preview_emerald_terminal_1786818049779.webp: Copied (new)
2026/10/05 23:18:37 INFO  : preview_cyber_cyan_1786817998602.webp: Copied (new)
2026/10/05 23:18:37 INFO  : preview_indigo_violet_1786818023543.webp: Copied (new)
2026/10/05 23:18:38 INFO  : scene1_beat3_v2_1789122053837.webp: Copied (new)
2026/10/05 23:18:38 INFO  : scene1_beat2_v2_1789122025000.webp: Copied (new)
2026/10/05 23:18:38 INFO  : preview_obsidian_gold_1786818061035.webp: Copied (new)
2026/10/05 23:18:38 INFO  : scene2_beat3_v2_1789122135241.webp: Copied (new)
2026/10/05 23:18:38 INFO  : scene3_beat1_v2_1789122160148.webp: Copied (new)
2026/10/05 23:18:38 INFO  : scene3_beat2_v2_1789122192302.webp: Copied (new)
2026/10/05 23:18:38 INFO  : scene_12_mot_cong_mot_1786936635763.webp: Copied (new)
2026/10/05 23:18:38 INFO  : scene_11_logic_1786936425816.webp: Copied (new)
2026/10/05 23:18:38 INFO  : scene_10_dung_dong_1786936366362.webp: Copied (new)
2026/10/05 23:18:38 INFO  : scene_14_ngai_dung_dong_1786936788983.webp: Copied (new)
2026/10/05 23:18:39 INFO  : scene_2_thay_1786933231090.webp: Copied (new)
2026/10/05 23:18:39 INFO  : scene_3_nham_1786933813663.webp: Copied (new)
2026/10/05 23:18:39 INFO  : scene_4_thay_cai_gi_1786933826705.webp: Copied (new)
2026/10/05 23:18:39 INFO  : scene_6_nghi_1786933855781.webp: Copied (new)
2026/10/05 23:18:39 INFO  : scene_8_hung_bi_1786936262167.webp: Copied (new)
2026/10/05 23:18:39 INFO  : scene_7_ve_dep_1786933869542.webp: Copied (new)
2026/10/05 23:18:39 INFO  : screen_comparison_test_1787408577157.webp: Copied (new)
2026/10/05 23:18:39 INFO  : store_handover_moment_1787408546706.webp: Copied (new)
2026/10/05 23:18:39 INFO  : skill_analyze_video_notext_1789498405521.webp: Copied (new)
2026/10/05 23:18:40 INFO  : stripe_editorial_demo_1786844703084.webp: Copied (new)
2026/10/05 23:18:40 INFO  : somatic_10_vocal_v2_1789409900286.webp: Copied (new)
2026/10/05 23:18:40 INFO  : studio_lighting_setup_1787408715703.webp: Copied (new)
2026/10/05 23:18:40 INFO  : studio_chair_cozy_1787409444374.webp: Copied (new)
2026/10/05 23:18:40 INFO  : studio_mic_gold_1786841885528.webp: Copied (new)
2026/10/05 23:18:40 INFO  : studio_prop_cozy_1787409494203.webp: Copied (new)
2026/10/05 23:18:40 INFO  : studio_prop_wind_1787408740205.webp: Copied (new)
2026/10/05 23:18:41 INFO  : thumb_ai_1789499020699.webp: Copied (new)
2026/10/05 23:18:41 INFO  : thumb_ceo_1789498996563.webp: Copied (new)
2026/10/05 23:18:41 INFO  : thumb_megaprompt_miss_suite_1789498854299.webp: Copied (new)
2026/10/05 23:18:41 INFO  : vercel_geist_demo_1786844819585.webp: Copied (new)
2026/10/05 23:18:41 INFO  : viral_creator_card_1786841900103.webp: Copied (new)
2026/10/05 23:18:41 INFO  : viet_lecture_04_1789444025554.webp: Copied (new)
2026/10/05 23:18:41 INFO  : wish_1789623106092.webp: Copied (new)
2026/10/05 23:18:41 INFO  : zone_of_interest_1789623079794.webp: Copied (new)
2026/10/05 23:18:41 INFO  : 
Transferred:   	   38.633 MiB / 38.633 MiB, 100%, 1.150 MiB/s, ETA 0s
Checks:                 0 / 0, -, Listed 264
Transferred:          263 / 263, 100%
Elapsed time:        33.6s

