2026/10/05 23:15:25 NOTICE: gdrive: This remote uses rclone's shared Google Drive client_id, which is being retired and will stop working during 2026. Create your own client_id to avoid interruption: https://rclone.org/drive/#making-your-own-client-id
2026/10/05 23:15:38 INFO  : assets/covers/poster_tho-0093.jpg: Copied (new)
2026/10/05 23:15:40 INFO  : assets/covers/poster_tho-0091.jpg: Copied (new)
2026/10/05 23:15:40 INFO  : assets/covers/poster_tho-0092.jpg: Copied (new)
2026/10/05 23:15:41 INFO  : assets/covers/poster_tho-0095.jpg: Copied (new)
2026/10/05 23:15:42 INFO  : assets/covers/poster_tho-0094.jpg: Copied (new)
2026/10/05 23:15:43 INFO  : assets/covers/poster_tho-0097.jpg: Copied (new)
2026/10/05 23:15:43 INFO  : assets/covers/poster_tho-0096.jpg: Copied (new)
2026/10/05 23:15:44 INFO  : assets/covers/poster_tho-0098.jpg: Copied (new)
2026/10/05 23:15:45 INFO  : assets/covers/poster_tho-0099.jpg: Copied (new)
2026/10/05 23:15:46 INFO  : assets/covers/poster_tho-0101.jpg: Copied (new)
2026/10/05 23:15:47 INFO  : assets/covers/poster_tho-0102.jpg: Copied (new)
2026/10/05 23:15:47 INFO  : assets/covers/poster_tho-0100.jpg: Copied (new)
2026/10/05 23:15:48 INFO  : assets/covers/poster_tho-0103.jpg: Copied (new)
2026/10/05 23:15:49 INFO  : assets/covers/poster_tho-0104.jpg: Copied (new)
2026/10/05 23:15:50 INFO  : assets/covers/poster_tho-0106.jpg: Copied (new)
2026/10/05 23:15:51 INFO  : assets/covers/poster_tho-0105.jpg: Copied (new)
2026/10/05 23:15:51 INFO  : assets/covers/poster_tho-0107.jpg: Copied (new)
2026/10/05 23:15:52 INFO  : assets/covers/poster_tho-0108.jpg: Copied (new)
2026/10/05 23:15:54 INFO  : assets/covers/poster_tho-0111.jpg: Copied (new)
2026/10/05 23:15:54 INFO  : assets/covers/poster_tho-0110.jpg: Copied (new)
2026/10/05 23:15:55 INFO  : assets/covers/poster_tho-0112.jpg: Copied (new)
2026/10/05 23:15:55 INFO  : assets/covers/poster_tho-0109.jpg: Copied (new)
2026/10/05 23:15:58 INFO  : assets/covers/poster_tho-0113.jpg: Copied (new)
2026/10/05 23:15:58 INFO  : assets/covers/poster_tho-0115.jpg: Copied (new)
2026/10/05 23:16:28 INFO  : 
Transferred:   	   18.124 MiB / 174.255 MiB, 10%, 106.868 KiB/s, ETA 24m56s
Checks:                 0 / 0, -, Listed 1915
Transferred:           24 / 236, 10%
Elapsed time:        59.9s
Transferring:
 *             assets/covers/poster_tho-0114.jpg:  0% / 712.255 KiB, 0 B/s, -
 *             assets/covers/poster_tho-0116.jpg:  0% / 838.245 KiB, 0 B/s, -
 *             assets/covers/poster_tho-0117.jpg:  0% / 651.751 KiB, 0 B/s, -
 *             assets/covers/poster_tho-0118.jpg:  0% / 726.699 KiB, 0 B/s, -

2026/10/05 23:16:36 INFO  : assets/covers/poster_tho-0114.jpg: Copied (new)
2026/10/05 23:16:41 INFO  : assets/covers/poster_tho-0119.jpg: Copied (new)
2026/10/05 23:16:44 INFO  : assets/covers/poster_tho-0120.jpg: Copied (new)
2026/10/05 23:16:47 INFO  : assets/covers/poster_tho-0121.jpg: Copied (new)
2026/10/05 23:16:49 INFO  : assets/covers/poster_tho-0122.jpg: Copied (new)
2026/10/05 23:16:52 INFO  : assets/covers/poster_tho-0117.jpg: Copied (new)
2026/10/05 23:16:52 INFO  : assets/covers/poster_tho-0118.jpg: Copied (new)
2026/10/05 23:16:52 INFO  : assets/covers/poster_tho-0116.jpg: Copied (new)
2026/10/05 23:16:53 INFO  : assets/covers/poster_tho-0123.jpg: Copied (new)
2026/10/05 23:16:55 INFO  : assets/covers/poster_tho-0124.jpg: Copied (new)
2026/10/05 23:16:55 INFO  : assets/covers/poster_tho-0125.jpg: Copied (new)
2026/10/05 23:16:55 INFO  : assets/covers/poster_tho-0126.jpg: Copied (new)
2026/10/05 23:17:28 INFO  : 
Transferred:   	   28.351 MiB / 175.881 MiB, 16%, 59.994 KiB/s, ETA 41m58s
Checks:                 0 / 0, -, Listed 1915
Transferred:           36 / 236, 15%
Elapsed time:      1m59.9s
Transferring:
 *             assets/covers/poster_tho-0127.jpg:  0% / 832.739 KiB, 0 B/s, -
 *             assets/covers/poster_tho-0128.jpg:  0% / 605.486 KiB, 0 B/s, -
 *             assets/covers/poster_tho-0129.jpg:  0% / 756.903 KiB, 0 B/s, -
 *             assets/covers/poster_tho-0130.jpg:  0% / 738.218 KiB, 0 B/s, -

2026/10/05 23:17:32 INFO  : assets/covers/poster_tho-0128.jpg: Copied (new)
2026/10/05 23:17:35 INFO  : assets/covers/poster_tho-0131.jpg: Copied (new)
2026/10/05 23:17:38 INFO  : assets/covers/poster_tho-0132.jpg: Copied (new)
2026/10/05 23:17:42 INFO  : assets/covers/poster_tho-0133.jpg: Copied (new)
2026/10/05 23:17:47 INFO  : assets/covers/poster_tho-0129.jpg: Copied (new)
2026/10/05 23:17:47 INFO  : assets/covers/poster_tho-0130.jpg: Copied (new)
2026/10/05 23:17:47 INFO  : assets/covers/poster_tho-0127.jpg: Copied (new)
2026/10/05 23:17:48 INFO  : assets/covers/poster_tho-0134.jpg: Copied (new)
2026/10/05 23:17:50 INFO  : assets/covers/poster_tho-0135.jpg: Copied (new)
2026/10/05 23:17:50 INFO  : assets/covers/poster_tho-0136.jpg: Copied (new)
2026/10/05 23:17:50 INFO  : assets/covers/poster_tho-0137.jpg: Copied (new)
2026/10/05 23:17:51 INFO  : assets/covers/poster_tho-0138.jpg: Copied (new)
2026/10/05 23:17:52 INFO  : assets/covers/poster_tho-0140.jpg: Copied (new)
2026/10/05 23:17:52 INFO  : assets/covers/poster_tho-0139.jpg: Copied (new)
2026/10/05 23:17:53 INFO  : assets/covers/poster_tho-0141.jpg: Copied (new)
2026/10/05 23:17:55 INFO  : assets/covers/poster_tho-0143.jpg: Copied (new)
2026/10/05 23:17:55 INFO  : assets/covers/poster_tho-0144.jpg: Copied (new)
2026/10/05 23:17:55 INFO  : assets/covers/poster_tho-0142.jpg: Copied (new)
2026/10/05 23:17:56 INFO  : assets/covers/poster_tho-0145.jpg: Copied (new)
2026/10/05 23:17:58 INFO  : assets/covers/poster_tho-0147.jpg: Copied (new)
2026/10/05 23:18:28 INFO  : 
Transferred:   	   43.384 MiB / 176.498 MiB, 25%, 81.206 KiB/s, ETA 27m58s
Checks:                 0 / 0, -, Listed 1915
Transferred:           56 / 236, 24%
Elapsed time:      2m59.9s
Transferring:
 *             assets/covers/poster_tho-0146.jpg:  0% / 696.762 KiB, 0 B/s, -
 *             assets/covers/poster_tho-0148.jpg:  0% / 631.251 KiB, 0 B/s, -
 *             assets/covers/poster_tho-0149.jpg:  0% / 758.975 KiB, 0 B/s, -
 *             assets/covers/poster_tho-0150.jpg:  0% / 757.607 KiB, 0 B/s, -

2026/10/05 23:18:52 INFO  : assets/covers/poster_tho-0148.jpg: Copied (new)
2026/10/05 23:18:55 INFO  : assets/covers/poster_tho-0151.jpg: Copied (new)
2026/10/05 23:18:57 INFO  : assets/covers/poster_tho-0152.jpg: Copied (new)
2026/10/05 23:19:28 INFO  : 
Transferred:   	   45.548 MiB / 176.498 MiB, 26%, 17.520 KiB/s, ETA 2h7m33s
Checks:                 0 / 0, -, Listed 1915
Transferred:           59 / 236, 25%
Elapsed time:       4m0.0s
Transferring:
 *             assets/covers/poster_tho-0146.jpg:  0% / 696.762 KiB, 0 B/s, -
 *             assets/covers/poster_tho-0149.jpg:  0% / 758.975 KiB, 0 B/s, -
 *             assets/covers/poster_tho-0150.jpg:  0% / 757.607 KiB, 0 B/s, -
 *             assets/covers/poster_tho-0153.jpg:  0% / 701.130 KiB, 0 B/s, -

2026/10/05 23:19:42 INFO  : assets/covers/poster_tho-0149.jpg: Copied (new)
2026/10/05 23:19:46 INFO  : assets/covers/poster_tho-0154.jpg: Copied (new)
2026/10/05 23:20:28 INFO  : 
Transferred:   	   47.549 MiB / 177.178 MiB, 27%, 10.704 KiB/s, ETA 3h26m39s
Checks:                 0 / 0, -, Listed 1915
Transferred:           61 / 236, 26%
Elapsed time:      4m59.9s
Transferring:
 *             assets/covers/poster_tho-0146.jpg:  0% / 696.762 KiB, 0 B/s, -
 *             assets/covers/poster_tho-0150.jpg:  0% / 757.607 KiB, 0 B/s, -
 *             assets/covers/poster_tho-0153.jpg:  0% / 701.130 KiB, 0 B/s, -
 *             assets/covers/poster_tho-0155.jpg:  0% / 681.332 KiB, 0 B/s, -

2026/10/05 23:20:34 INFO  : assets/covers/poster_tho-0146.jpg: Copied (new)
2026/10/05 23:20:37 INFO  : assets/covers/poster_tho-0156.jpg: Copied (new)
2026/10/05 23:20:41 INFO  : assets/covers/poster_tho-0157.jpg: Copied (new)
2026/10/05 23:20:43 INFO  : assets/covers/poster_tho-0158.jpg: Copied (new)
2026/10/05 23:20:48 INFO  : assets/covers/poster_tho-0159.jpg: Copied (new)
2026/10/05 23:20:52 INFO  : assets/covers/poster_tho-0160.jpg: Copied (new)
2026/10/05 23:20:52 INFO  : assets/covers/poster_tho-0153.jpg: Copied (new)
2026/10/05 23:20:53 INFO  : assets/covers/poster_tho-0155.jpg: Copied (new)
2026/10/05 23:20:53 INFO  : assets/covers/poster_tho-0150.jpg: Copied (new)
2026/10/05 23:20:55 INFO  : assets/covers/poster_tho-0162.jpg: Copied (new)
2026/10/05 23:20:55 INFO  : assets/covers/poster_tho-0161.jpg: Copied (new)
2026/10/05 23:20:56 INFO  : assets/covers/poster_tho-0163.jpg: Copied (new)
2026/10/05 23:20:56 INFO  : assets/covers/poster_tho-0164.jpg: Copied (new)
2026/10/05 23:21:28 INFO  : 
Transferred:   	   58.233 MiB / 177.979 MiB, 33%, 104.268 KiB/s, ETA 19m36s
Checks:                 0 / 0, -, Listed 1915
Transferred:           74 / 236, 31%
Elapsed time:       6m0.0s
Transferring:
 *             assets/covers/poster_tho-0165.jpg:  0% / 632.879 KiB, 0 B/s, -
 *             assets/covers/poster_tho-0166.jpg:100% / 819.650 KiB, 51.227 KiB/s, 0s
 *             assets/covers/poster_tho-0167.jpg:  0% / 696.417 KiB, 0 B/s, -
 *             assets/covers/poster_tho-0168.jpg:  0% / 658.249 KiB, 0 B/s, -

2026/10/05 23:21:29 INFO  : assets/covers/poster_tho-0166.jpg: Copied (new)
2026/10/05 23:21:32 INFO  : assets/covers/poster_tho-0169.jpg: Copied (new)
2026/10/05 23:21:36 INFO  : assets/covers/poster_tho-0170.jpg: Copied (new)
2026/10/05 23:21:38 INFO  : assets/covers/poster_tho-0171.jpg: Copied (new)
2026/10/05 23:21:41 INFO  : assets/covers/poster_tho-0172.jpg: Copied (new)
2026/10/05 23:21:44 INFO  : assets/covers/poster_tho-0173.jpg: Copied (new)
2026/10/05 23:21:45 INFO  : assets/covers/poster_tho-0165.jpg: Copied (new)
2026/10/05 23:21:46 INFO  : assets/covers/poster_tho-0167.jpg: Copied (new)
2026/10/05 23:21:46 INFO  : assets/covers/poster_tho-0168.jpg: Copied (new)
2026/10/05 23:21:47 INFO  : assets/covers/poster_tho-0174.jpg: Copied (new)
2026/10/05 23:21:49 INFO  : assets/covers/poster_tho-0176.jpg: Copied (new)
2026/10/05 23:21:49 INFO  : assets/covers/poster_tho-0175.jpg: Copied (new)
2026/10/05 23:21:50 INFO  : assets/covers/poster_tho-0177.jpg: Copied (new)
2026/10/05 23:21:50 INFO  : assets/covers/poster_tho-0178.jpg: Copied (new)
2026/10/05 23:21:51 INFO  : assets/covers/poster_tho-0179.jpg: Copied (new)
2026/10/05 23:21:53 INFO  : assets/covers/poster_tho-0180.jpg: Copied (new)
2026/10/05 23:21:53 INFO  : assets/covers/poster_tho-0182.jpg: Copied (new)
2026/10/05 23:21:53 INFO  : assets/covers/poster_tho-0181.jpg: Copied (new)
2026/10/05 23:21:54 INFO  : assets/covers/poster_tho-0183.jpg: Copied (new)
2026/10/05 23:21:56 INFO  : assets/covers/poster_tho-0186.jpg: Copied (new)
2026/10/05 23:21:56 INFO  : assets/covers/poster_tho-0184.jpg: Copied (new)
2026/10/05 23:21:57 INFO  : assets/covers/poster_tho-0187.jpg: Copied (new)
2026/10/05 23:22:28 INFO  : 
Transferred:   	   74.975 MiB / 179.409 MiB, 42%, 91.100 KiB/s, ETA 19m33s
Checks:                 0 / 0, -, Listed 1915
Transferred:           96 / 236, 41%
Elapsed time:       7m0.0s
Transferring:
 *             assets/covers/poster_tho-0185.jpg:  0% / 695.251 KiB, 0 B/s, -
 *             assets/covers/poster_tho-0188.jpg:  0% / 893.032 KiB, 0 B/s, -
 *             assets/covers/poster_tho-0189.jpg:  0% / 768.850 KiB, 0 B/s, -
 *             assets/covers/poster_tho-0190.jpg:  0% / 761.498 KiB, 0 B/s, -

2026/10/05 23:22:35 INFO  : assets/covers/poster_tho-0185.jpg: Copied (new)
2026/10/05 23:22:38 INFO  : assets/covers/poster_tho-0191.jpg: Copied (new)
2026/10/05 23:22:42 INFO  : assets/covers/poster_tho-0192.jpg: Copied (new)
2026/10/05 23:22:45 INFO  : assets/covers/poster_tho-0193.jpg: Copied (new)
2026/10/05 23:22:48 INFO  : assets/covers/poster_tho-0194.jpg: Copied (new)
2026/10/05 23:22:51 INFO  : assets/covers/poster_tho-0195.jpg: Copied (new)
2026/10/05 23:22:51 INFO  : assets/covers/poster_tho-0189.jpg: Copied (new)
2026/10/05 23:22:52 INFO  : assets/covers/poster_tho-0190.jpg: Copied (new)
2026/10/05 23:22:54 INFO  : assets/covers/poster_tho-0188.jpg: Copied (new)
2026/10/05 23:22:54 INFO  : assets/covers/poster_tho-0197.jpg: Copied (new)
2026/10/05 23:22:54 INFO  : assets/covers/poster_tho-0196.jpg: Copied (new)
2026/10/05 23:22:56 INFO  : assets/covers/poster_tho-0198.jpg: Copied (new)
2026/10/05 23:22:57 INFO  : assets/covers/poster_tho-0199.jpg: Copied (new)
2026/10/05 23:22:57 INFO  : assets/covers/poster_tho-0201.jpg: Copied (new)
2026/10/05 23:22:58 INFO  : assets/covers/poster_tho-0200.jpg: Copied (new)
2026/10/05 23:23:28 INFO  : 
Transferred:   	   87.551 MiB / 180.785 MiB, 48%, 78.396 KiB/s, ETA 20m17s
Checks:                 0 / 0, -, Listed 1915
Transferred:          111 / 236, 47%
Elapsed time:      7m59.9s
Transferring:
 *             assets/covers/poster_tho-0202.jpg:  0% / 740.286 KiB, 0 B/s, -
 *             assets/covers/poster_tho-0203.jpg:  0% / 872.894 KiB, 0 B/s, -
 *             assets/covers/poster_tho-0204.jpg:  0% / 669.590 KiB, 0 B/s, -
 *             assets/covers/poster_tho-0205.jpg:  0% / 779.812 KiB, 0 B/s, -

2026/10/05 23:23:32 INFO  : assets/covers/poster_tho-0203.jpg: Copied (new)
2026/10/05 23:23:35 INFO  : assets/covers/poster_tho-0206.jpg: Copied (new)
2026/10/05 23:23:38 INFO  : assets/covers/poster_tho-0217.jpg: Copied (new)
2026/10/05 23:23:40 INFO  : assets/covers/poster_tho-0218.jpg: Copied (new)
2026/10/05 23:23:43 INFO  : assets/covers/poster_tho-0219.jpg: Copied (new)
2026/10/05 23:23:48 INFO  : assets/covers/poster_tho-0220.jpg: Copied (new)
2026/10/05 23:23:49 INFO  : assets/covers/poster_tho-0205.jpg: Copied (new)
2026/10/05 23:23:49 INFO  : assets/covers/poster_tho-0204.jpg: Copied (new)
2026/10/05 23:23:50 INFO  : assets/covers/poster_tho-0202.jpg: Copied (new)
2026/10/05 23:23:50 INFO  : assets/covers/poster_tho-0221.jpg: Copied (new)
2026/10/05 23:23:51 INFO  : assets/covers/poster_tho-0222.jpg: Copied (new)
2026/10/05 23:23:52 INFO  : assets/covers/poster_tho-0224.jpg: Copied (new)
2026/10/05 23:23:52 INFO  : assets/covers/poster_tho-0223.jpg: Copied (new)
2026/10/05 23:23:53 INFO  : assets/covers/poster_tho-0225.jpg: Copied (new)
2026/10/05 23:23:55 INFO  : assets/covers/poster_tho-0227.jpg: Copied (new)
2026/10/05 23:23:55 INFO  : assets/covers/poster_tho-0226.jpg: Copied (new)
2026/10/05 23:23:55 INFO  : assets/covers/poster_tho-0229.jpg: Copied (new)
2026/10/05 23:23:56 INFO  : assets/covers/poster_tho-0228.jpg: Copied (new)
2026/10/05 23:23:58 INFO  : assets/covers/poster_tho-0231.jpg: Copied (new)
2026/10/05 23:24:28 INFO  : 
Transferred:   	  103.443 MiB / 182.740 MiB, 57%, 92.998 KiB/s, ETA 14m33s
Checks:                 0 / 0, -, Listed 1915
Transferred:          130 / 236, 55%
Elapsed time:      8m59.9s
Transferring:
 *             assets/covers/poster_tho-0230.jpg:  0% / 812.894 KiB, 0 B/s, -
 *             assets/covers/poster_tho-0232.jpg:  0% / 584.236 KiB, 0 B/s, -
 *             assets/covers/poster_tho-0233.jpg:  0% / 778.869 KiB, 0 B/s, -
 *             assets/covers/poster_tho-0234.jpg:  0% / 638.436 KiB, 0 B/s, -

2026/10/05 23:24:35 INFO  : assets/covers/poster_tho-0232.jpg: Copied (new)
2026/10/05 23:24:38 INFO  : assets/covers/poster_tho-0235.jpg: Copied (new)
2026/10/05 23:24:42 INFO  : assets/covers/poster_tho-0236.jpg: Copied (new)
2026/10/05 23:24:45 INFO  : assets/covers/poster_tho-0237.jpg: Copied (new)
2026/10/05 23:24:48 INFO  : assets/covers/poster_tho-0238.jpg: Copied (new)
2026/10/05 23:24:51 INFO  : assets/covers/poster_tho-0239.jpg: Copied (new)
2026/10/05 23:24:51 INFO  : assets/covers/poster_tho-0230.jpg: Copied (new)
2026/10/05 23:24:52 INFO  : assets/covers/poster_tho-0233.jpg: Copied (new)
2026/10/05 23:24:52 INFO  : assets/covers/poster_tho-0234.jpg: Copied (new)
2026/10/05 23:24:54 INFO  : assets/covers/poster_tho-0240.jpg: Copied (new)
2026/10/05 23:24:55 INFO  : assets/covers/poster_tho-0243.jpg: Copied (new)
2026/10/05 23:24:55 INFO  : assets/covers/poster_tho-0242.jpg: Copied (new)
2026/10/05 23:24:55 INFO  : assets/covers/poster_tho-0241.jpg: Copied (new)
2026/10/05 23:25:28 INFO  : 
Transferred:   	  115.096 MiB / 185.055 MiB, 62%, 70.257 KiB/s, ETA 16m59s
Checks:                 0 / 0, -, Listed 1915
Transferred:          143 / 236, 61%
Elapsed time:      9m59.9s
Transferring:
 *             assets/covers/poster_tho-0244.jpg:  0% / 641.409 KiB, 0 B/s, -
 *             assets/covers/poster_tho-0245.jpg:  0% / 757.571 KiB, 0 B/s, -
 *             assets/covers/poster_tho-0246.jpg:  0% / 971.918 KiB, 0 B/s, -
 *             assets/covers/poster_tho-0247.jpg:  0% / 716.438 KiB, 0 B/s, -

2026/10/05 23:25:36 INFO  : assets/covers/poster_tho-0246.jpg: Copied (new)
2026/10/05 23:25:39 INFO  : assets/covers/poster_tho-0248.jpg: Copied (new)
2026/10/05 23:25:42 INFO  : assets/covers/poster_tho-0249.jpg: Copied (new)
2026/10/05 23:25:45 INFO  : assets/covers/poster_tho-0250.jpg: Copied (new)
2026/10/05 23:25:48 INFO  : assets/covers/poster_tho-0251.jpg: Copied (new)
2026/10/05 23:25:51 INFO  : assets/covers/poster_tho-0252.jpg: Copied (new)
2026/10/05 23:25:52 INFO  : assets/covers/poster_tho-0245.jpg: Copied (new)
2026/10/05 23:25:52 INFO  : assets/covers/poster_tho-0244.jpg: Copied (new)
2026/10/05 23:25:52 INFO  : assets/covers/poster_tho-0247.jpg: Copied (new)
2026/10/05 23:25:54 INFO  : assets/covers/poster_tho-0253.jpg: Copied (new)
2026/10/05 23:25:55 INFO  : assets/covers/poster_tho-0256.jpg: Copied (new)
2026/10/05 23:25:55 INFO  : assets/covers/poster_tho-0254.jpg: Copied (new)
2026/10/05 23:25:55 INFO  : assets/covers/poster_tho-0255.jpg: Copied (new)
2026/10/05 23:25:56 INFO  : assets/covers/poster_tho-0257.jpg: Copied (new)
2026/10/05 23:25:57 INFO  : assets/covers/poster_tho-0258.jpg: Copied (new)
2026/10/05 23:25:58 INFO  : assets/covers/poster_tho-0259.jpg: Copied (new)
2026/10/05 23:26:28 INFO  : 
Transferred:   	  128.606 MiB / 186.519 MiB, 69%, 84.256 KiB/s, ETA 11m43s
Checks:                 0 / 0, -, Listed 1915
Transferred:          159 / 236, 67%
Elapsed time:     10m59.9s
Transferring:
 *             assets/covers/poster_tho-0260.jpg:  0% / 768.562 KiB, 0 B/s, -
 *             assets/covers/poster_tho-0261.jpg:  0% / 730.631 KiB, 0 B/s, -
 *             assets/covers/poster_tho-0262.jpg:  0% / 814.932 KiB, 0 B/s, -
 *             assets/covers/poster_tho-0263.jpg:  0% / 610.074 KiB, 0 B/s, -

2026/10/05 23:26:34 INFO  : assets/covers/poster_tho-0262.jpg: Copied (new)
2026/10/05 23:26:52 INFO  : assets/covers/poster_tho-0261.jpg: Copied (new)
2026/10/05 23:26:53 INFO  : assets/covers/poster_tho-0260.jpg: Copied (new)
2026/10/05 23:26:53 INFO  : assets/covers/poster_tho-0264.jpg: Copied (new)
2026/10/05 23:26:53 INFO  : assets/covers/poster_tho-0263.jpg: Copied (new)
2026/10/05 23:26:54 INFO  : assets/covers/poster_tho-0265.jpg: Copied (new)
2026/10/05 23:26:56 INFO  : assets/covers/poster_tho-0267.jpg: Copied (new)
2026/10/05 23:26:56 INFO  : assets/covers/poster_tho-0266.jpg: Copied (new)
2026/10/05 23:26:56 INFO  : assets/covers/poster_tho-0268.jpg: Copied (new)
2026/10/05 23:26:57 INFO  : assets/covers/poster_tho-0269.jpg: Copied (new)
2026/10/05 23:26:59 INFO  : assets/covers/poster_tho-0270.jpg: Copied (new)
2026/10/05 23:27:00 INFO  : assets/covers/poster_tho-0271.jpg: Copied (new)
2026/10/05 23:27:28 INFO  : 
Transferred:   	  137.326 MiB / 186.519 MiB, 74%, 61.683 KiB/s, ETA 13m36s
Checks:                 0 / 0, -, Listed 1915
Transferred:          171 / 236, 72%
Elapsed time:     11m59.9s
Transferring:
 *             assets/covers/poster_tho-0272.jpg:  0% / 746.960 KiB, 0 B/s, -
 *             assets/covers/poster_tho-0273.jpg:  0% / 691.415 KiB, 0 B/s, -
 *             assets/covers/poster_tho-0274.jpg:  0% / 759.834 KiB, 0 B/s, -
 *             assets/covers/poster_tho-0275.jpg:  0% / 688.580 KiB, 0 B/s, -

2026/10/05 23:27:39 INFO  : assets/covers/poster_tho-0273.jpg: Copied (new)
2026/10/05 23:27:42 INFO  : assets/covers/poster_tho-0276.jpg: Copied (new)
2026/10/05 23:27:45 INFO  : assets/covers/poster_tho-0277.jpg: Copied (new)
2026/10/05 23:27:48 INFO  : assets/covers/poster_tho-0278.jpg: Copied (new)
2026/10/05 23:27:51 INFO  : assets/covers/poster_tho-0279.jpg: Copied (new)
2026/10/05 23:27:54 INFO  : assets/covers/poster_tho-0280.jpg: Copied (new)
2026/10/05 23:27:54 INFO  : assets/covers/poster_tho-0275.jpg: Copied (new)
2026/10/05 23:27:54 INFO  : assets/covers/poster_tho-0274.jpg: Copied (new)
2026/10/05 23:27:54 INFO  : assets/covers/poster_tho-0272.jpg: Copied (new)
2026/10/05 23:27:56 INFO  : assets/covers/poster_tho-0281.jpg: Copied (new)
2026/10/05 23:27:57 INFO  : assets/covers/poster_tho-0282.jpg: Copied (new)
2026/10/05 23:27:57 INFO  : assets/covers/poster_tho-0283.jpg: Copied (new)
2026/10/05 23:28:28 INFO  : 
Transferred:   	  148.928 MiB / 188.499 MiB, 79%, 121.258 KiB/s, ETA 5m34s
Checks:                 0 / 0, -, Listed 1915
Transferred:          183 / 236, 78%
Elapsed time:     12m59.9s
Transferring:
 *             assets/covers/poster_tho-0284.jpg:  0% / 618.218 KiB, 0 B/s, -
 *             assets/covers/poster_tho-0285.jpg:  0% / 790.405 KiB, 0 B/s, -
 *             assets/covers/poster_tho-0286.jpg:  0% / 734.928 KiB, 0 B/s, -
 *             assets/covers/poster_tho-0287.jpg:100% / 800.203 KiB, 50.014 KiB/s, 0s

2026/10/05 23:28:29 INFO  : assets/covers/poster_tho-0287.jpg: Copied (new)
2026/10/05 23:28:32 INFO  : assets/covers/poster_tho-0288.jpg: Copied (new)
2026/10/05 23:28:36 INFO  : assets/covers/poster_tho-0289.jpg: Copied (new)
2026/10/05 23:28:38 INFO  : assets/covers/poster_tho-0290.jpg: Copied (new)
2026/10/05 23:28:41 INFO  : assets/covers/poster_tho-0291.jpg: Copied (new)
2026/10/05 23:28:44 INFO  : assets/covers/poster_tho-0292.jpg: Copied (new)
2026/10/05 23:28:46 INFO  : assets/covers/poster_tho-0284.jpg: Copied (new)
2026/10/05 23:28:46 INFO  : assets/covers/poster_tho-0285.jpg: Copied (new)
2026/10/05 23:28:46 INFO  : assets/covers/poster_tho-0286.jpg: Copied (new)
2026/10/05 23:28:48 INFO  : assets/covers/poster_tho-0295.jpg: Copied (new)
2026/10/05 23:28:49 INFO  : assets/covers/poster_tho-0294.jpg: Copied (new)
2026/10/05 23:28:49 INFO  : assets/covers/poster_tho-0296.jpg: Copied (new)
2026/10/05 23:28:49 INFO  : assets/covers/poster_tho-0293.jpg: Copied (new)
2026/10/05 23:28:51 INFO  : assets/covers/poster_tho-0297.jpg: Copied (new)
2026/10/05 23:28:51 INFO  : assets/covers/poster_tho-0298.jpg: Copied (new)
2026/10/05 23:28:52 INFO  : assets/covers/poster_tho-0299.jpg: Copied (new)
2026/10/05 23:28:52 INFO  : assets/covers/poster_tho-0300.jpg: Copied (new)
2026/10/05 23:28:54 INFO  : assets/covers/poster_tho-0302.jpg: Copied (new)
2026/10/05 23:28:54 INFO  : assets/covers/poster_tho-0303.jpg: Copied (new)
2026/10/05 23:28:54 INFO  : assets/covers/poster_tho-0301.jpg: Copied (new)
2026/10/05 23:28:55 INFO  : assets/covers/poster_tho-0304.jpg: Copied (new)
2026/10/05 23:28:57 INFO  : assets/covers/poster_tho-0305.jpg: Copied (new)
2026/10/05 23:28:57 INFO  : assets/covers/poster_tho-0307.jpg: Copied (new)
2026/10/05 23:28:57 INFO  : assets/covers/poster_tho-0308.jpg: Copied (new)
2026/10/05 23:28:59 INFO  : assets/covers/poster_tho-0306.jpg: Copied (new)
2026/10/05 23:29:28 INFO  : 
Transferred:   	  167.470 MiB / 188.499 MiB, 89%, 100.151 KiB/s, ETA 3m35s
Checks:                 0 / 0, -, Listed 1915
Transferred:          208 / 236, 88%
Elapsed time:     13m59.9s
Transferring:
 *             assets/covers/poster_tho-0309.jpg:  0% / 790.523 KiB, 0 B/s, -
 *             assets/covers/poster_tho-0310.jpg:  0% / 831.359 KiB, 0 B/s, -
 *             assets/covers/poster_tho-0311.jpg:  0% / 765.206 KiB, 0 B/s, -
 *             assets/covers/poster_tho-0312.jpg:  0% / 790.575 KiB, 0 B/s, -

2026/10/05 23:29:37 INFO  : assets/covers/poster_tho-0311.jpg: Copied (new)
2026/10/05 23:29:41 INFO  : assets/covers/poster_tho-0313.jpg: Copied (new)
2026/10/05 23:29:43 INFO  : assets/covers/poster_tho-0314.jpg: Copied (new)
2026/10/05 23:29:46 INFO  : assets/covers/poster_tho-0315.jpg: Copied (new)
2026/10/05 23:29:48 INFO  : assets/covers/poster_tho-0316.jpg: Copied (new)
2026/10/05 23:29:51 INFO  : assets/covers/poster_tho-0317.jpg: Copied (new)
2026/10/05 23:29:53 INFO  : assets/covers/poster_tho-0310.jpg: Copied (new)
2026/10/05 23:29:53 INFO  : assets/covers/poster_tho-0309.jpg: Copied (new)
2026/10/05 23:29:53 INFO  : assets/covers/poster_tho-0312.jpg: Copied (new)
2026/10/05 23:29:54 INFO  : assets/covers/poster_tho-0318.jpg: Copied (new)
2026/10/05 23:29:56 INFO  : assets/covers/poster_tho-0320.jpg: Copied (new)
2026/10/05 23:29:56 INFO  : assets/covers/poster_tho-0319.jpg: Copied (new)
2026/10/05 23:29:57 INFO  : assets/covers/poster_tho-0322.jpg: Copied (new)
2026/10/05 23:29:58 INFO  : assets/covers/poster_tho-0321.jpg: Copied (new)
2026/10/05 23:29:58 INFO  : assets/covers/poster_tho-0323.jpg: Copied (new)
2026/10/05 23:29:58 INFO  : assets/covers/poster_tho-0324.jpg: Copied (new)
2026/10/05 23:29:59 INFO  : assets/covers/poster_tho-0325.jpg: Copied (new)
2026/10/05 23:30:28 INFO  : 
Transferred:   	  181.263 MiB / 189.143 MiB, 96%, 92.956 KiB/s, ETA 1m26s
Checks:                 0 / 0, -, Listed 1915
Transferred:          225 / 236, 95%
Elapsed time:     14m59.9s
Transferring:
 *             assets/covers/poster_tho-0326.jpg:  0% / 866.822 KiB, 0 B/s, -
 *             assets/covers/poster_tho-0327.jpg:  0% / 685.983 KiB, 0 B/s, -
 *             assets/covers/poster_tho-0328.jpg:  0% / 664.082 KiB, 0 B/s, -
 *             assets/covers/poster_tho-0329.jpg:  0% / 659.953 KiB, 0 B/s, -

2026/10/05 23:30:36 INFO  : assets/covers/poster_tho-0327.jpg: Copied (new)
2026/10/05 23:30:39 INFO  : assets/covers/poster_tho-0330.jpg: Copied (new)
2026/10/05 23:30:42 INFO  : assets/covers/poster_tho-0331.jpg: Copied (new)
2026/10/05 23:30:45 INFO  : assets/covers/poster_tho-0332.jpg: Copied (new)
2026/10/05 23:30:48 INFO  : assets/covers/poster_tho-0333.jpg: Copied (new)
2026/10/05 23:30:50 INFO  : assets/covers/poster_tho-0334.jpg: Copied (new)
2026/10/05 23:30:52 INFO  : assets/covers/poster_tho-0326.jpg: Copied (new)
2026/10/05 23:30:52 INFO  : assets/covers/poster_tho-0328.jpg: Copied (new)
2026/10/05 23:30:52 INFO  : assets/covers/poster_tho-0329.jpg: Copied (new)
2026/10/05 23:30:53 INFO  : assets/covers/poster_tho-0335.jpg: Copied (new)
2026/10/05 23:30:55 INFO  : assets/covers/poster_tho-0336.jpg: Copied (new)
2026/10/05 23:31:28 INFO  : 
Transferred:   	  189.143 MiB / 189.143 MiB, 100%, 315.016 KiB/s, ETA 0s
Checks:                 0 / 0, -, Listed 1915
Transferred:          236 / 236, 100%
Elapsed time:     15m59.9s

2026/10/05 23:31:29 INFO  : assets/covers: Set directory modification time (using DirSetModTime)
2026/10/05 23:31:30 INFO  : assets: Set directory modification time (using DirSetModTime)
2026/10/05 23:31:30 INFO  : 
Transferred:   	  189.143 MiB / 189.143 MiB, 100%, 315.016 KiB/s, ETA 0s
Checks:                 0 / 0, -, Listed 1915
Transferred:          236 / 236, 100%
Elapsed time:      16m2.1s

