::1 - - [08/Oct/2026 01:06:55] "GET /anh.html HTTP/1.1" 200 -
::1 - - [08/Oct/2026 01:06:55] "GET /database.json HTTP/1.1" 200 -
::1 - - [08/Oct/2026 19:15:06] "GET /anh.html HTTP/1.1" 200 -
::1 - - [08/Oct/2026 19:15:07] "GET /database.json HTTP/1.1" 200 -
::1 - - [08/Oct/2026 19:15:07] "GET /fonts/FDAeonikRegular.ttf HTTP/1.1" 200 -
::1 - - [08/Oct/2026 19:15:07] code 404, message File not found
::1 - - [08/Oct/2026 19:15:07] "GET /Users/vietmac/Library/Fonts/FDTiemposText-Regular.otf HTTP/1.1" 404 -
::1 - - [08/Oct/2026 19:17:59] "GET /anh.html HTTP/1.1" 200 -
::1 - - [08/Oct/2026 19:18:00] "GET /database.json HTTP/1.1" 200 -
::1 - - [08/Oct/2026 19:18:00] "GET /fonts/FDAeonikRegular.ttf HTTP/1.1" 200 -
::1 - - [08/Oct/2026 19:18:00] code 404, message File not found
::1 - - [08/Oct/2026 19:18:00] "GET /Users/vietmac/Library/Fonts/FDTiemposText-Regular.otf HTTP/1.1" 404 -
::1 - - [08/Oct/2026 19:18:21] "GET /anh.html HTTP/1.1" 200 -
::1 - - [08/Oct/2026 19:18:21] "GET /database.json HTTP/1.1" 200 -
::1 - - [08/Oct/2026 19:18:21] "GET /fonts/FDAeonikRegular.ttf HTTP/1.1" 200 -
::1 - - [08/Oct/2026 19:18:21] code 404, message File not found
::1 - - [08/Oct/2026 19:18:21] "GET /Users/vietmac/Library/Fonts/FDTiemposText-Regular.otf HTTP/1.1" 404 -
::1 - - [08/Oct/2026 19:19:06] "GET /anh.html HTTP/1.1" 200 -
::1 - - [08/Oct/2026 19:19:06] "GET /database.json HTTP/1.1" 200 -
::1 - - [08/Oct/2026 19:19:06] "GET /fonts/FDAeonikRegular.ttf HTTP/1.1" 200 -
::1 - - [08/Oct/2026 19:19:06] code 404, message File not found
::1 - - [08/Oct/2026 19:19:06] "GET /Users/vietmac/Library/Fonts/FDTiemposText-Regular.otf HTTP/1.1" 404 -
::1 - - [08/Oct/2026 19:19:18] "GET /anh.html HTTP/1.1" 200 -
::1 - - [08/Oct/2026 19:19:18] "GET /fonts/FDAeonikRegular.ttf HTTP/1.1" 200 -
::1 - - [08/Oct/2026 19:19:18] "GET /database.json HTTP/1.1" 200 -
::1 - - [08/Oct/2026 19:19:19] code 404, message File not found
::1 - - [08/Oct/2026 19:19:19] "GET /Users/vietmac/Library/Fonts/FDTiemposText-Regular.otf HTTP/1.1" 404 -
::1 - - [08/Oct/2026 19:20:55] "GET /anh.html HTTP/1.1" 200 -
::1 - - [08/Oct/2026 19:20:55] "GET /fonts/FDAeonikRegular.ttf HTTP/1.1" 200 -
::1 - - [08/Oct/2026 19:21:12] "GET /anh.html HTTP/1.1" 200 -
::1 - - [08/Oct/2026 19:21:13] "GET /fonts/FDAeonikRegular.ttf HTTP/1.1" 200 -
::1 - - [08/Oct/2026 19:21:55] "GET /anh.html HTTP/1.1" 200 -
::1 - - [08/Oct/2026 19:21:55] "GET /fonts/FDAeonikRegular.ttf HTTP/1.1" 200 -
::1 - - [08/Oct/2026 19:22:51] "GET /anh.html HTTP/1.1" 200 -
::1 - - [08/Oct/2026 19:22:51] "GET /database.json HTTP/1.1" 200 -
::1 - - [08/Oct/2026 19:22:51] "GET /fonts/FDAeonikRegular.ttf HTTP/1.1" 200 -
::1 - - [08/Oct/2026 19:22:52] code 404, message File not found
::1 - - [08/Oct/2026 19:22:52] "GET /Users/vietmac/Library/Fonts/FDTiemposText-Regular.otf HTTP/1.1" 404 -
