
Progress: 211 / 220

Progress: 211 / 220
Found and copied system-intelligence-architect-mo-gawdat.jpg

Progress: 212 / 220

Progress: 212 / 220

Progress: 212 / 220

Progress: 212 / 220

Progress: 212 / 220
Found and copied thien-di-dao-va-tieu-hoa-science.jpg
Found and copied so-tay-trieu-do-khoi-nghiep-ky-nguyen-moi-cung-chu-tich-shopify-science-podcast.jpg

Progress: 214 / 220
Found and copied dung-viet-blog-nua-hay-xay-co-may-media-podcast.jpg

Progress: 215 / 220
Found and copied tam-tri-khong-phai-la-mot-chiec-binh-de-cho-sut-me-theo-thoi-gian-no-la-mot-co-bap-it-nhat-45-den-70-cac-ca-sa-sut-tri-tue-dementia-hoan.jpg
Found and copied thien-it-dan-den-su-boc-dong.jpg

Progress: 217 / 220

Progress: 217 / 220

Progress: 217 / 220

Progress: 217 / 220

Progress: 217 / 220

Progress: 217 / 220

Progress: 217 / 220

Progress: 217 / 220

Progress: 217 / 220

Progress: 217 / 220

Progress: 217 / 220
Found and copied lam-chu-tam-tri-ky-luat-podcast.jpg
Found and copied tai-sao-but-giay-danh-bai-ban-phim-science.jpg

Progress: 219 / 220
Found and copied lakshya-sen-olympic-champion-mindset-resilience-podcast.jpg

Progress: 220 / 220
Updated anh.html successfully. Now showing 572 visually unique posters.
[main 9fb091e] feat: Finalize all 220 historical drama posters
 14 files changed, 166 insertions(+), 2 deletions(-)
 create mode 100644 wait.log
 create mode 100644 wait_and_gather.py
[pre-push] Kiểm tra và đồng bộ catalog.json & search_index.json...
[*] Starting Full-Spectrum Knowledge Indexer...
[*] Found 662 standalone HTML files in repo k.

============================================================
INDEXING & AUDIT COMPLETED SUCCESSFULLY!
============================================================
Total articles indexed: 662
Total words indexed: 1,001,201

Category Distribution (No false positives):
  - Khoa Học Não Bộ & Tâm Trí: 226 bài
  - Kinh Doanh & Đòn Bẩy: 135 bài
  - Sinh Học & Tuổi Thọ: 134 bài
  - AI, Tự Động Hóa & Tương Lai: 127 bài
  - Triết Học & Thức Tỉnh: 23 bài
  - Tâm Lý & Bản Ghi Nguyễn Việt: 17 bài

Top Speakers Identified (65 speakers total):
  - Omar Eltakrori: 41 bài
  - Nguyễn Việt: 16 bài
  - Elon Musk: 13 bài
  - Mo Gawdat: 8 bài
  - Sam Altman: 5 bài
  - Raj Shamani: 5 bài
  - Dr. K (Alok Kanojia): 4 bài
  - Scott Galloway: 4 bài
  - Andrew Huberman: 3 bài
  - Dr. Daniel Amen: 3 bài
  - Ray Dalio: 3 bài
  - Dr. Peter Attia: 2 bài
  - Dr. Joe Dispenza: 2 bài
  - Richard Teng: 2 bài
  - Vaibhav Sisinty: 2 bài

Design Theme Distribution:
  - legacy_light: 514 bài
  - legacy_dark: 5 bài
  - swiss_monochrome: 143 bài

Output Files Created:
  1. /Users/vietmac/Documents/CODE/k/catalog.json (403.2 KB)
  2. /Users/vietmac/Documents/CODE/k/search_index.json (1012.6 KB)
  3. /Users/vietmac/Documents/CODE/k/articles_data.json (403.2 KB)
[pre-push] Phát hiện thay đổi chỉ mục! Tự động commit...
[main c3faf75] chore(feed): auto sync catalog & search index before push
 2 files changed, 4 insertions(+), 4 deletions(-)
To https://github.com/vietndj/k
   6539eb8..9fb091e  main -> main
All 220 images generated! Updating HTML and pushing...
